RUN_DIR=/Users/cls-lab/Git/PersonalDev/UMAPing/SyntheticAnalysis/runs/20260918T034857_716429Z
{
  "passed": true,
  "n_completed_pairs": 6,
  "graphs": [
    {
      "small_data_exact_distance_backend": null,
      "condition": "disconnected",
      "seed": 0,
      "method": "UMAPing",
      "components": 3,
      "components_without_bridge": 3,
      "wrong_turn_edges": 0,
      "wrong_branch_edges": 0,
      "unexpected_cross_structure_edges": 0
    },
    {
      "small_data_exact_distance_backend": true,
      "condition": "disconnected",
      "seed": 0,
      "method": "standard_umap",
      "components": 3,
      "components_without_bridge": 3,
      "wrong_turn_edges": 0,
      "wrong_branch_edges": 0,
      "unexpected_cross_structure_edges": 0
    },
    {
      "small_data_exact_distance_backend": null,
      "condition": "disconnected",
      "seed": 1,
      "method": "UMAPing",
      "components": 3,
      "components_without_bridge": 3,
      "wrong_turn_edges": 0,
      "wrong_branch_edges": 0,
      "unexpected_cross_structure_edges": 0
    },
    {
      "small_data_exact_distance_backend": true,
      "condition": "disconnected",
      "seed": 1,
      "method": "standard_umap",
      "components": 3,
      "components_without_bridge": 3,
      "wrong_turn_edges": 0,
      "wrong_branch_edges": 0,
      "unexpected_cross_structure_edges": 0
    },
    {
      "small_data_exact_distance_backend": null,
      "condition": "disconnected",
      "seed": 2,
      "method": "UMAPing",
      "components": 3,
      "components_without_bridge": 3,
      "wrong_turn_edges": 0,
      "wrong_branch_edges": 0,
      "unexpected_cross_structure_edges": 0
    },
    {
      "small_data_exact_distance_backend": true,
      "condition": "disconnected",
      "seed": 2,
      "method": "standard_umap",
      "components": 3,
      "components_without_bridge": 3,
      "wrong_turn_edges": 0,
      "wrong_branch_edges": 0,
      "unexpected_cross_structure_edges": 0
    },
    {
      "small_data_exact_distance_backend": null,
      "condition": "sparse_bridge",
      "seed": 0,
      "method": "UMAPing",
      "components": 1,
      "components_without_bridge": 3,
      "wrong_turn_edges": 0,
      "wrong_branch_edges": 0,
      "unexpected_cross_structure_edges": 0
    },
    {
      "small_data_exact_distance_backend": false,
      "condition": "sparse_bridge",
      "seed": 0,
      "method": "standard_umap",
      "components": 1,
      "components_without_bridge": 3,
      "wrong_turn_edges": 0,
      "wrong_branch_edges": 0,
      "unexpected_cross_structure_edges": 0
    },
    {
      "small_data_exact_distance_backend": null,
      "condition": "sparse_bridge",
      "seed": 1,
      "method": "UMAPing",
      "components": 1,
      "components_without_bridge": 3,
      "wrong_turn_edges": 0,
      "wrong_branch_edges": 0,
      "unexpected_cross_structure_edges": 0
    },
    {
      "small_data_exact_distance_backend": false,
      "condition": "sparse_bridge",
      "seed": 1,
      "method": "standard_umap",
      "components": 1,
      "components_without_bridge": 3,
      "wrong_turn_edges": 0,
      "wrong_branch_edges": 0,
      "unexpected_cross_structure_edges": 0
    },
    {
      "small_data_exact_distance_backend": null,
      "condition": "sparse_bridge",
      "seed": 2,
      "method": "UMAPing",
      "components": 1,
      "components_without_bridge": 3,
      "wrong_turn_edges": 0,
      "wrong_branch_edges": 0,
      "unexpected_cross_structure_edges": 0
    },
    {
      "small_data_exact_distance_backend": false,
      "condition": "sparse_bridge",
      "seed": 2,
      "method": "standard_umap",
      "components": 1,
      "components_without_bridge": 3,
      "wrong_turn_edges": 0,
      "wrong_branch_edges": 0,
      "unexpected_cross_structure_edges": 0
    }
  ]
}
